============================= test session starts =============================
platform win32 -- Python 3.14.3, pytest-9.0.2, pluggy-1.6.0 -- D:\Tools\Python\python.exe
cachedir: .pytest_cache
rootdir: D:\Code\liuyao\liuyaobase
configfile: pytest.ini
collecting ... collected 350 items

backend/tests/test_enums.py::TestWuxing::test_wuxing_values PASSED       [  0%]
backend/tests/test_enums.py::TestWuxing::test_wuxing_generates PASSED    [  0%]
backend/tests/test_enums.py::TestWuxing::test_wuxing_overcomes PASSED    [  0%]
backend/tests/test_enums.py::TestWuxing::test_wuxing_maps PASSED         [  1%]
backend/tests/test_enums.py::TestTiangan::test_tiangan_values PASSED     [  1%]
backend/tests/test_enums.py::TestTiangan::test_tiangan_wuxing PASSED     [  1%]
backend/tests/test_enums.py::TestTiangan::test_tiangan_from_char PASSED  [  2%]
backend/tests/test_enums.py::TestDizhi::test_dizhi_values PASSED         [  2%]
backend/tests/test_enums.py::TestDizhi::test_dizhi_wuxing PASSED         [  2%]
backend/tests/test_enums.py::TestDizhiHe::test_dizhi_he PASSED           [  2%]
backend/tests/test_enums.py::TestDizhiHe::test_dizhi_not_he PASSED       [  3%]
backend/tests/test_enums.py::TestDizhiChong::test_dizhi_chong PASSED     [  3%]
backend/tests/test_enums.py::TestDizhiChong::test_dizhi_not_chong PASSED [  3%]
backend/tests/test_enums.py::TestDizhiSanhe::test_dizhi_sanhe PASSED     [  4%]
backend/tests/test_enums.py::TestDizhiSanhe::test_dizhi_sanhe_wuxing PASSED [  4%]
backend/tests/test_enums.py::TestDizhiSanhe::test_dizhi_not_sanhe PASSED [  4%]
backend/tests/test_enums.py::TestDanGua::test_dangua_code PASSED         [  4%]
backend/tests/test_enums.py::TestDanGua::test_dangua_wuxing PASSED       [  5%]
backend/tests/test_enums.py::TestDanGua::test_dangua_from_code PASSED    [  5%]
backend/tests/test_enums.py::TestDanGua::test_dangua_from_name PASSED    [  5%]
backend/tests/test_enums.py::TestZhongGua::test_zhonggua_count PASSED    [  6%]
backend/tests/test_enums.py::TestZhongGua::test_zhonggua_qian PASSED     [  6%]
backend/tests/test_enums.py::TestZhongGua::test_zhonggua_kun PASSED      [  6%]
backend/tests/test_enums.py::TestZhongGua::test_zhonggua_shan_feng_gu PASSED [  6%]
backend/tests/test_enums.py::TestZhongGua::test_zhonggua_liuchong PASSED [  7%]
backend/tests/test_enums.py::TestZhongGua::test_zhonggua_liuhe PASSED    [  7%]
backend/tests/test_enums.py::TestZhongGuaParse::test_from_code PASSED    [  7%]
backend/tests/test_enums.py::TestZhongGuaParse::test_from_name PASSED    [  8%]
backend/tests/test_enums.py::TestZhongGuaParse::test_parse_code_to_neigua_waigua PASSED [  8%]
backend/tests/test_enums.py::TestLiuQin::test_liuqin_values PASSED       [  8%]
backend/tests/test_enums.py::TestLiuQin::test_liuqin_calculate PASSED    [  8%]
backend/tests/test_enums.py::TestLiuShen::test_liushen_values PASSED     [  9%]
backend/tests/test_enums.py::TestLiuShen::test_liushen_by_tiangan_jia PASSED [  9%]
backend/tests/test_enums.py::TestLiuShen::test_liushen_by_tiangan_bing PASSED [  9%]
backend/tests/test_enums.py::TestLiuShen::test_liushen_by_tiangan_geng PASSED [ 10%]
backend/tests/test_enums.py::TestShenSha::test_shensha_values PASSED     [ 10%]
backend/tests/test_enums.py::TestShenSha::test_ganlu PASSED              [ 10%]
backend/tests/test_enums.py::TestShenSha::test_yima PASSED               [ 10%]
backend/tests/test_enums.py::TestShenSha::test_yangren PASSED            [ 11%]
backend/tests/test_enums.py::TestShenSha::test_taohua PASSED             [ 11%]
backend/tests/test_enums.py::TestShenSha::test_shensha_with_chonghe PASSED [ 11%]
backend/tests/test_enums.py::TestShiYing::test_shiying_map PASSED        [ 12%]
backend/tests/test_fanyin_fuyin.py::TestYiMaoFanYin::test_qian_xun_fanyin PASSED [ 12%]
backend/tests/test_fanyin_fuyin.py::TestYiMaoFanYin::test_kan_li_fanyin PASSED [ 12%]
backend/tests/test_fanyin_fuyin.py::TestYiMaoFanYin::test_gen_kun_fanyin PASSED [ 12%]
backend/tests/test_fanyin_fuyin.py::TestYiMaoFanYin::test_zhen_dui_fanyin PASSED [ 13%]
backend/tests/test_fanyin_fuyin.py::TestYiMaoFanYin::test_not_yimao_fanyin PASSED [ 13%]
backend/tests/test_fanyin_fuyin.py::TestYiMaoFanYin::test_get_yimao_fanyin_pair PASSED [ 13%]
backend/tests/test_fanyin_fuyin.py::TestYaoBianFanYin::test_kun_xun_fanyin PASSED [ 14%]
backend/tests/test_fanyin_fuyin.py::TestYaoBianFanYin::test_not_yaobian_fanyin PASSED [ 14%]
backend/tests/test_fanyin_fuyin.py::TestYaoBianFanYin::test_get_yaobian_fanyin_pair PASSED [ 14%]
backend/tests/test_fanyin_fuyin.py::TestFuYin::test_qian_zhen_fuyin PASSED [ 14%]
backend/tests/test_fanyin_fuyin.py::TestFuYin::test_not_fuyin PASSED     [ 15%]
backend/tests/test_fanyin_fuyin.py::TestFuYin::test_get_fuyin_pair PASSED [ 15%]
backend/tests/test_fanyin_fuyin.py::TestCalculateFanYinFuYinForGuali::test_no_zhi_gua PASSED [ 15%]
backend/tests/test_fanyin_fuyin.py::TestCalculateFanYinFuYinForGuali::test_yimao_fanyin_neigua PASSED [ 16%]
backend/tests/test_fanyin_fuyin.py::TestCalculateFanYinFuYinForGuali::test_fuyin_neigua PASSED [ 16%]
backend/tests/test_fanyin_fuyin.py::TestCalculateFanYinFuYinForGuali::test_result_structure PASSED [ 16%]
backend/tests/test_fanyin_fuyin.py::TestGualiFanYinFuYinIntegration::test_guali_set_fanyin_fuyin PASSED [ 16%]
backend/tests/test_fanyin_fuyin.py::TestGualiFanYinFuYinIntegration::test_guali_calculate_all_includes_fanyin_fuyin PASSED [ 17%]
backend/tests/test_fanyin_fuyin.py::TestGualiFanYinFuYinIntegration::test_guali_display_shows_fanyin_fuyin PASSED [ 17%]
backend/tests/test_fushen.py::TestCheckLiuqinComplete::test_all_liuqin_present PASSED [ 17%]
backend/tests/test_fushen.py::TestCheckLiuqinComplete::test_missing_liuqin PASSED [ 18%]
backend/tests/test_fushen.py::TestCheckLiuqinComplete::test_multiple_missing_liuqin PASSED [ 18%]
backend/tests/test_fushen.py::TestCheckLiuqinComplete::test_empty_liuqin PASSED [ 18%]
backend/tests/test_fushen.py::TestGetBenGongGua::test_get_qian_gong_bengong PASSED [ 18%]
backend/tests/test_fushen.py::TestGetBenGongGua::test_get_kan_gong_bengong PASSED [ 19%]
backend/tests/test_fushen.py::TestGetBenGongGua::test_get_zhen_gong_bengong PASSED [ 19%]
backend/tests/test_fushen.py::TestGetBenGongGua::test_get_kun_gong_bengong PASSED [ 19%]
backend/tests/test_fushen.py::TestGetBenGongGua::test_get_invalid_gongwei PASSED [ 20%]
backend/tests/test_fushen.py::TestGetBenGongGua::test_all_gongwei_have_bengong PASSED [ 20%]
backend/tests/test_fushen.py::TestFindYaoByLiuqin::test_find_existing_liuqin PASSED [ 20%]
backend/tests/test_fushen.py::TestFindYaoByLiuqin::test_find_non_existing_liuqin PASSED [ 20%]
backend/tests/test_fushen.py::TestCalculateFeishenFushenRelation::test_same_wuxing PASSED [ 21%]
backend/tests/test_fushen.py::TestCalculateFeishenFushenRelation::test_feisheng_fu PASSED [ 21%]
backend/tests/test_fushen.py::TestCalculateFeishenFushenRelation::test_feike_fu PASSED [ 21%]
backend/tests/test_fushen.py::TestCalculateFeishenFushenRelation::test_fusheng_fei PASSED [ 22%]
backend/tests/test_fushen.py::TestCalculateFeishenFushenRelation::test_fuke_fei PASSED [ 22%]
backend/tests/test_fushen.py::TestFindFushen::test_find_fushen_tian_feng_gou PASSED [ 22%]
backend/tests/test_fushen.py::TestFindFushen::test_find_fushen_no_missing PASSED [ 22%]
backend/tests/test_fushen.py::TestCalculateFushenForGuali::test_calculate_fushen_structure PASSED [ 23%]
backend/tests/test_fushen.py::TestCalculateFushenForGuali::test_calculate_fushen_with_missing PASSED [ 23%]
backend/tests/test_fushen.py::TestGualiFushenIntegration::test_guali_set_fushen PASSED [ 23%]
backend/tests/test_fushen.py::TestGualiFushenIntegration::test_guali_calculate_all_includes_fushen PASSED [ 24%]
backend/tests/test_fushen.py::TestGualiFushenIntegration::test_guali_display_shows_fushen PASSED [ 24%]
backend/tests/test_fushen.py::TestComprehensiveFushen::test_all_gongwei_fushen PASSED [ 24%]
backend/tests/test_fushen.py::TestComprehensiveFushen::test_qian_wei_tian_no_fushen PASSED [ 24%]
backend/tests/test_liushen.py::TestLiushenMappingTable::test_liushen_order PASSED [ 25%]
backend/tests/test_liushen.py::TestLiushenMappingTable::test_tiangan_offset_map PASSED [ 25%]
backend/tests/test_liushen.py::TestLiushenMappingTable::test_liushen_map_completeness PASSED [ 25%]
backend/tests/test_liushen.py::TestGetLiushenByTiangan::test_jia_yi_day PASSED [ 26%]
backend/tests/test_liushen.py::TestGetLiushenByTiangan::test_bing_ding_day PASSED [ 26%]
backend/tests/test_liushen.py::TestGetLiushenByTiangan::test_wu_day PASSED [ 26%]
backend/tests/test_liushen.py::TestGetLiushenByTiangan::test_ji_day PASSED [ 26%]
backend/tests/test_liushen.py::TestGetLiushenByTiangan::test_geng_xin_day PASSED [ 27%]
backend/tests/test_liushen.py::TestGetLiushenByTiangan::test_ren_gui_day PASSED [ 27%]
backend/tests/test_liushen.py::TestGetLiushenByTianganAndPosition::test_jia_day_all_positions PASSED [ 27%]
backend/tests/test_liushen.py::TestGetLiushenByTianganAndPosition::test_geng_day_all_positions PASSED [ 28%]
backend/tests/test_liushen.py::TestGetLiushenByTianganAndPosition::test_invalid_position PASSED [ 28%]
backend/tests/test_liushen.py::TestGetLiushenByTianganChar::test_valid_tiangan_char PASSED [ 28%]
backend/tests/test_liushen.py::TestGetLiushenByTianganChar::test_invalid_tiangan_char PASSED [ 28%]
backend/tests/test_liushen.py::TestGualiLiushen::test_set_liushen_jia_day PASSED [ 29%]
backend/tests/test_liushen.py::TestGualiLiushen::test_set_liushen_geng_day PASSED [ 29%]
backend/tests/test_liushen.py::TestGualiLiushen::test_set_liushen_ren_day PASSED [ 29%]
backend/tests/test_liushen.py::TestGualiLiushen::test_set_liushen_no_day PASSED [ 30%]
backend/tests/test_liushen.py::TestLiushenProperties::test_get_liushen_element PASSED [ 30%]
backend/tests/test_liushen.py::TestLiushenProperties::test_get_liushen_meaning PASSED [ 30%]
backend/tests/test_liushen.py::TestAllTianganLiushen::test_all_tiangan_have_consistent_results PASSED [ 30%]
backend/tests/test_liushen.py::TestCalculateAll::test_calculate_all_with_liuqin_liushen PASSED [ 31%]
backend/tests/test_models.py::TestYaoBasic::test_yao_creation PASSED     [ 31%]
backend/tests/test_models.py::TestYaoBasic::test_yao_default_values PASSED [ 31%]
backend/tests/test_models.py::TestYaoBasic::test_yao_position_names PASSED [ 32%]
backend/tests/test_models.py::TestYaoBasic::test_yao_type_names PASSED   [ 32%]
backend/tests/test_models.py::TestYaoBasic::test_yao_state_names PASSED  [ 32%]
backend/tests/test_models.py::TestYaoWuxing::test_yao_wuxing_from_dizhi PASSED [ 32%]
backend/tests/test_models.py::TestYaoWuxing::test_yao_wuxing_none_when_no_dizhi PASSED [ 33%]
backend/tests/test_models.py::TestGualiBasic::test_guali_creation PASSED [ 33%]
backend/tests/test_models.py::TestGualiBasic::test_guali_properties PASSED [ 33%]
backend/tests/test_models.py::TestGualiBasic::test_guali_gua_display_name PASSED [ 34%]
backend/tests/test_models.py::TestGualiBasic::test_guali_day_tiangan_dizhi PASSED [ 34%]
backend/tests/test_models.py::TestGualiYaos::test_guali_yaos_count PASSED [ 34%]
backend/tests/test_models.py::TestGualiYaos::test_guali_yaos_type_qian PASSED [ 34%]
backend/tests/test_models.py::TestGualiYaos::test_guali_yaos_type_kun PASSED [ 35%]
backend/tests/test_models.py::TestGualiYaos::test_guali_yaos_state_no_zhi_gua PASSED [ 35%]
backend/tests/test_models.py::TestGualiYaos::test_guali_yaos_state_with_zhi_gua PASSED [ 35%]
backend/tests/test_models.py::TestGualiYaos::test_guali_yaos_position PASSED [ 36%]
backend/tests/test_models.py::TestGualiShiYing::test_set_shiying_bengong PASSED [ 36%]
backend/tests/test_models.py::TestGualiShiYing::test_set_shiying_yishi PASSED [ 36%]
backend/tests/test_models.py::TestGualiShiYing::test_set_shiying_youhun PASSED [ 36%]
backend/tests/test_models.py::TestGualiLiuqin::test_set_liuqin PASSED    [ 37%]
backend/tests/test_models.py::TestGualiLiushen::test_set_liushen_jia_day PASSED [ 37%]
backend/tests/test_models.py::TestCreateGualiFromInput::test_create_guali_basic PASSED [ 37%]
backend/tests/test_models.py::TestCreateGualiFromInput::test_create_guali_with_zhi_gua PASSED [ 38%]
backend/tests/test_models.py::TestCreateGualiFromInput::test_create_guali_invalid_bengua PASSED [ 38%]
backend/tests/test_models.py::TestCreateGualiFromInput::test_create_guali_invalid_zhigua PASSED [ 38%]
backend/tests/test_models.py::TestGualiDisplay::test_display_basic PASSED [ 38%]
backend/tests/test_models.py::TestGualiDisplay::test_repr PASSED         [ 39%]
backend/tests/test_nama.py::TestNamaMappingTable::test_neigua_mapping_completeness PASSED [ 39%]
backend/tests/test_nama.py::TestNamaMappingTable::test_waigua_mapping_completeness PASSED [ 39%]
backend/tests/test_nama.py::TestNamaMappingTable::test_qian_gua_mapping PASSED [ 40%]
backend/tests/test_nama.py::TestNamaMappingTable::test_kun_gua_mapping PASSED [ 40%]
backend/tests/test_nama.py::TestNamaMappingTable::test_zhen_gua_mapping PASSED [ 40%]
backend/tests/test_nama.py::TestGetDizhiFromDanGua::test_qian_neigua PASSED [ 40%]
backend/tests/test_nama.py::TestGetDizhiFromDanGua::test_qian_waigua PASSED [ 41%]
backend/tests/test_nama.py::TestGetDizhiFromDanGua::test_kan_gua PASSED  [ 41%]
backend/tests/test_nama.py::TestGetDizhiFromDanGua::test_li_gua PASSED   [ 41%]
backend/tests/test_nama.py::TestGetDizhiFromDanGua::test_invalid_position PASSED [ 42%]
backend/tests/test_nama.py::TestLoadDizhiToGuali::test_qian_wei_tian PASSED [ 42%]
backend/tests/test_nama.py::TestLoadDizhiToGuali::test_kun_wei_di PASSED [ 42%]
backend/tests/test_nama.py::TestLoadDizhiToGuali::test_shan_feng_gu PASSED [ 42%]
backend/tests/test_nama.py::TestLoadDizhiToGuali::test_shui_lei_tun PASSED [ 43%]
backend/tests/test_nama.py::TestLoadDizhiToGuali::test_empty_bengua PASSED [ 43%]
backend/tests/test_nama.py::TestHelperFunctions::test_get_dizhi_list_from_dan_gua_neigua PASSED [ 43%]
backend/tests/test_nama.py::TestHelperFunctions::test_get_dizhi_list_from_dan_gua_waigua PASSED [ 44%]
backend/tests/test_nama.py::TestHelperFunctions::test_get_all_dizhi_from_zhong_gua PASSED [ 44%]
backend/tests/test_nama.py::TestHelperFunctions::test_validate_nama_mapping PASSED [ 44%]
backend/tests/test_nama.py::TestAllDanGuaDizhi::test_dui_gua PASSED      [ 44%]
backend/tests/test_nama.py::TestAllDanGuaDizhi::test_gen_gua PASSED      [ 45%]
backend/tests/test_nama.py::TestAllDanGuaDizhi::test_xun_gua PASSED      [ 45%]
backend/tests/test_shengwang_mujue.py::TestShengWangMuJueMap::test_map_completeness PASSED [ 45%]
backend/tests/test_shengwang_mujue.py::TestShengWangMuJueMap::test_map_states_completeness PASSED [ 46%]
backend/tests/test_shengwang_mujue.py::TestMuShengWangMuJue::test_mu_changsheng PASSED [ 46%]
backend/tests/test_shengwang_mujue.py::TestMuShengWangMuJue::test_mu_diwang PASSED [ 46%]
backend/tests/test_shengwang_mujue.py::TestMuShengWangMuJue::test_mu_mu PASSED [ 46%]
backend/tests/test_shengwang_mujue.py::TestMuShengWangMuJue::test_mu_jue PASSED [ 47%]
backend/tests/test_shengwang_mujue.py::TestMuShengWangMuJue::test_mu_all_states PASSED [ 47%]
backend/tests/test_shengwang_mujue.py::TestHuoShengWangMuJue::test_huo_changsheng PASSED [ 47%]
backend/tests/test_shengwang_mujue.py::TestHuoShengWangMuJue::test_huo_diwang PASSED [ 48%]
backend/tests/test_shengwang_mujue.py::TestHuoShengWangMuJue::test_huo_mu PASSED [ 48%]
backend/tests/test_shengwang_mujue.py::TestHuoShengWangMuJue::test_huo_jue PASSED [ 48%]
backend/tests/test_shengwang_mujue.py::TestHuoShengWangMuJue::test_huo_all_states PASSED [ 48%]
backend/tests/test_shengwang_mujue.py::TestJinShengWangMuJue::test_jin_changsheng PASSED [ 49%]
backend/tests/test_shengwang_mujue.py::TestJinShengWangMuJue::test_jin_diwang PASSED [ 49%]
backend/tests/test_shengwang_mujue.py::TestJinShengWangMuJue::test_jin_mu PASSED [ 49%]
backend/tests/test_shengwang_mujue.py::TestJinShengWangMuJue::test_jin_jue PASSED [ 50%]
backend/tests/test_shengwang_mujue.py::TestJinShengWangMuJue::test_jin_all_states PASSED [ 50%]
backend/tests/test_shengwang_mujue.py::TestShuiShengWangMuJue::test_shui_changsheng PASSED [ 50%]
backend/tests/test_shengwang_mujue.py::TestShuiShengWangMuJue::test_shui_diwang PASSED [ 50%]
backend/tests/test_shengwang_mujue.py::TestShuiShengWangMuJue::test_shui_mu PASSED [ 51%]
backend/tests/test_shengwang_mujue.py::TestShuiShengWangMuJue::test_shui_jue PASSED [ 51%]
backend/tests/test_shengwang_mujue.py::TestShuiShengWangMuJue::test_shui_all_states PASSED [ 51%]
backend/tests/test_shengwang_mujue.py::TestTuShengWangMuJue::test_tu_changsheng PASSED [ 52%]
backend/tests/test_shengwang_mujue.py::TestTuShengWangMuJue::test_tu_diwang PASSED [ 52%]
backend/tests/test_shengwang_mujue.py::TestTuShengWangMuJue::test_tu_mu PASSED [ 52%]
backend/tests/test_shengwang_mujue.py::TestTuShengWangMuJue::test_tu_jue PASSED [ 52%]
backend/tests/test_shengwang_mujue.py::TestTuShengWangMuJue::test_tu_same_as_shui PASSED [ 53%]
backend/tests/test_shengwang_mujue.py::TestGetShengWangMuJueState::test_mu_changsheng_state PASSED [ 53%]
backend/tests/test_shengwang_mujue.py::TestGetShengWangMuJueState::test_mu_diwang_state PASSED [ 53%]
backend/tests/test_shengwang_mujue.py::TestGetShengWangMuJueState::test_mu_mu_state PASSED [ 54%]
backend/tests/test_shengwang_mujue.py::TestGetShengWangMuJueState::test_mu_jue_state PASSED [ 54%]
backend/tests/test_shengwang_mujue.py::TestGetShengWangMuJueState::test_mu_no_state PASSED [ 54%]
backend/tests/test_shengwang_mujue.py::TestGetShengWangMuJueState::test_huo_changsheng_state PASSED [ 54%]
backend/tests/test_shengwang_mujue.py::TestGetShengWangMuJueState::test_jin_diwang_state PASSED [ 55%]
backend/tests/test_shengwang_mujue.py::TestGetShengWangMuJueState::test_shui_mu_state PASSED [ 55%]
backend/tests/test_shengwang_mujue.py::TestBooleanFunctions::test_is_changsheng PASSED [ 55%]
backend/tests/test_shengwang_mujue.py::TestBooleanFunctions::test_is_diwang PASSED [ 56%]
backend/tests/test_shengwang_mujue.py::TestBooleanFunctions::test_is_mu PASSED [ 56%]
backend/tests/test_shengwang_mujue.py::TestBooleanFunctions::test_is_jue PASSED [ 56%]
backend/tests/test_shengwang_mujue.py::TestCalculateYaoShengWangMuJue::test_yao_changsheng PASSED [ 56%]
backend/tests/test_shengwang_mujue.py::TestCalculateYaoShengWangMuJue::test_yao_diwang PASSED [ 57%]
backend/tests/test_shengwang_mujue.py::TestCalculateYaoShengWangMuJue::test_yao_mu PASSED [ 57%]
backend/tests/test_shengwang_mujue.py::TestCalculateYaoShengWangMuJue::test_yao_jue PASSED [ 57%]
backend/tests/test_shengwang_mujue.py::TestCalculateYaoShengWangMuJue::test_yao_no_relation PASSED [ 58%]
backend/tests/test_shengwang_mujue.py::TestCalculateShengWangMuJueForGuali::test_guali_shengwang_mujue_structure PASSED [ 58%]
backend/tests/test_shengwang_mujue.py::TestCalculateShengWangMuJueForGuali::test_guali_yao_states PASSED [ 58%]
backend/tests/test_shengwang_mujue.py::TestCalculateShengWangMuJueForGuali::test_guali_no_day_info PASSED [ 58%]
backend/tests/test_shengwang_mujue.py::TestGualiShengWangMuJueIntegration::test_guali_set_shengwang_mujue PASSED [ 59%]
backend/tests/test_shengwang_mujue.py::TestGualiShengWangMuJueIntegration::test_guali_calculate_all_includes_shengwang_mujue PASSED [ 59%]
backend/tests/test_shengwang_mujue.py::TestBoundaryConditions::test_all_wuxing_all_states PASSED [ 59%]
backend/tests/test_shengwang_mujue.py::TestBoundaryConditions::test_all_dizhi_states PASSED [ 60%]
backend/tests/test_shensha.py::TestGanLu::test_jia_ganlu PASSED          [ 60%]
backend/tests/test_shensha.py::TestGanLu::test_yi_ganlu PASSED           [ 60%]
backend/tests/test_shensha.py::TestGanLu::test_bing_ganlu PASSED         [ 60%]
backend/tests/test_shensha.py::TestGanLu::test_ding_ganlu PASSED         [ 61%]
backend/tests/test_shensha.py::TestGanLu::test_wu_ganlu PASSED           [ 61%]
backend/tests/test_shensha.py::TestGanLu::test_ji_ganlu PASSED           [ 61%]
backend/tests/test_shensha.py::TestGanLu::test_geng_ganlu PASSED         [ 62%]
backend/tests/test_shensha.py::TestGanLu::test_xin_ganlu PASSED          [ 62%]
backend/tests/test_shensha.py::TestGanLu::test_ren_ganlu PASSED          [ 62%]
backend/tests/test_shensha.py::TestGanLu::test_gui_ganlu PASSED          [ 62%]
backend/tests/test_shensha.py::TestGanLu::test_ganlu_map_complete PASSED [ 63%]
backend/tests/test_shensha.py::TestYiMa::test_shen_zi_chen_yima PASSED   [ 63%]
backend/tests/test_shensha.py::TestYiMa::test_hai_mao_wei_yima PASSED    [ 63%]
backend/tests/test_shensha.py::TestYiMa::test_yin_wu_xu_yima PASSED      [ 64%]
backend/tests/test_shensha.py::TestYiMa::test_si_you_chou_yima PASSED    [ 64%]
backend/tests/test_shensha.py::TestYiMa::test_yima_map_complete PASSED   [ 64%]
backend/tests/test_shensha.py::TestYangRen::test_jia_yangren PASSED      [ 64%]
backend/tests/test_shensha.py::TestYangRen::test_yi_yangren PASSED       [ 65%]
backend/tests/test_shensha.py::TestYangRen::test_bing_yangren PASSED     [ 65%]
backend/tests/test_shensha.py::TestYangRen::test_ding_yangren PASSED     [ 65%]
backend/tests/test_shensha.py::TestYangRen::test_wu_yangren PASSED       [ 66%]
backend/tests/test_shensha.py::TestYangRen::test_ji_yangren PASSED       [ 66%]
backend/tests/test_shensha.py::TestYangRen::test_geng_yangren PASSED     [ 66%]
backend/tests/test_shensha.py::TestYangRen::test_xin_yangren PASSED      [ 66%]
backend/tests/test_shensha.py::TestYangRen::test_ren_yangren PASSED      [ 67%]
backend/tests/test_shensha.py::TestYangRen::test_gui_yangren PASSED      [ 67%]
backend/tests/test_shensha.py::TestYangRen::test_yangren_map_complete PASSED [ 67%]
backend/tests/test_shensha.py::TestTaoHua::test_shen_zi_chen_taohua PASSED [ 68%]
backend/tests/test_shensha.py::TestTaoHua::test_hai_mao_wei_taohua PASSED [ 68%]
backend/tests/test_shensha.py::TestTaoHua::test_yin_wu_xu_taohua PASSED  [ 68%]
backend/tests/test_shensha.py::TestTaoHua::test_si_you_chou_taohua PASSED [ 68%]
backend/tests/test_shensha.py::TestTaoHua::test_taohua_map_complete PASSED [ 69%]
backend/tests/test_shensha.py::TestShenShaPropagation::test_zi_propagation PASSED [ 69%]
backend/tests/test_shensha.py::TestShenShaPropagation::test_yin_propagation PASSED [ 69%]
backend/tests/test_shensha.py::TestShenShaPropagation::test_mao_propagation PASSED [ 70%]
backend/tests/test_shensha.py::TestShenShaPropagation::test_calculate_all_shensha PASSED [ 70%]
backend/tests/test_shensha.py::TestCalculateShenShaForGuali::test_guali_shensha_structure PASSED [ 70%]
backend/tests/test_shensha.py::TestCalculateShenShaForGuali::test_guali_ganlu_in_gua PASSED [ 70%]
backend/tests/test_shensha.py::TestCalculateShenShaForGuali::test_guali_shensha_no_day_info PASSED [ 71%]
backend/tests/test_shensha.py::TestGualiShenShaIntegration::test_guali_set_shensha PASSED [ 71%]
backend/tests/test_shensha.py::TestGualiShenShaIntegration::test_guali_calculate_all_includes_shensha PASSED [ 71%]
backend/tests/test_shensha.py::TestGualiShenShaIntegration::test_guali_display_shows_shensha PASSED [ 72%]
backend/tests/test_shensha.py::TestShenShaTypeForDizhi::test_is_ganlu PASSED [ 72%]
backend/tests/test_shensha.py::TestShenShaTypeForDizhi::test_dai_ganlu PASSED [ 72%]
backend/tests/test_shensha.py::TestShenShaTypeForDizhi::test_not_ganlu PASSED [ 72%]
backend/tests/test_shensha.py::TestShenShaTypeForDizhi::test_is_yima PASSED [ 73%]
backend/tests/test_shiying.py::TestShiYingMappingTable::test_mapping_completeness PASSED [ 73%]
backend/tests/test_shiying.py::TestShiYingMappingTable::test_bengong_mapping PASSED [ 73%]
backend/tests/test_shiying.py::TestShiYingMappingTable::test_yishi_mapping PASSED [ 74%]
backend/tests/test_shiying.py::TestShiYingMappingTable::test_ershi_mapping PASSED [ 74%]
backend/tests/test_shiying.py::TestShiYingMappingTable::test_sanshi_mapping PASSED [ 74%]
backend/tests/test_shiying.py::TestShiYingMappingTable::test_sishi_mapping PASSED [ 74%]
backend/tests/test_shiying.py::TestShiYingMappingTable::test_wushi_mapping PASSED [ 75%]
backend/tests/test_shiying.py::TestShiYingMappingTable::test_youhun_mapping PASSED [ 75%]
backend/tests/test_shiying.py::TestShiYingMappingTable::test_guihun_mapping PASSED [ 75%]
backend/tests/test_shiying.py::TestGetShiYingByGongwei::test_get_shiying_bengong PASSED [ 76%]
backend/tests/test_shiying.py::TestGetShiYingByGongwei::test_get_shiying_yishi PASSED [ 76%]
backend/tests/test_shiying.py::TestGetShiYingByGongwei::test_get_shiying_youhun PASSED [ 76%]
backend/tests/test_shiying.py::TestGetShiYingByGongwei::test_get_shiying_guihun PASSED [ 76%]
backend/tests/test_shiying.py::TestGetShiYingByGongwei::test_get_shiying_invalid PASSED [ 77%]
backend/tests/test_shiying.py::TestGetShiPosition::test_get_shi_position_bengong PASSED [ 77%]
backend/tests/test_shiying.py::TestGetShiPosition::test_get_shi_position_yishi PASSED [ 77%]
backend/tests/test_shiying.py::TestGetYingPosition::test_get_ying_position_bengong PASSED [ 78%]
backend/tests/test_shiying.py::TestGetYingPosition::test_get_ying_position_yishi PASSED [ 78%]
backend/tests/test_shiying.py::TestValidateGongweiIndex::test_valid_gongwei PASSED [ 78%]
backend/tests/test_shiying.py::TestValidateGongweiIndex::test_invalid_gongwei PASSED [ 78%]
backend/tests/test_shiying.py::TestSetShiyingForGuali::test_set_shiying_bengong PASSED [ 79%]
backend/tests/test_shiying.py::TestSetShiyingForGuali::test_set_shiying_yishi PASSED [ 79%]
backend/tests/test_shiying.py::TestSetShiyingForGuali::test_set_shiying_ershi PASSED [ 79%]
backend/tests/test_shiying.py::TestSetShiyingForGuali::test_set_shiying_sanshi PASSED [ 80%]
backend/tests/test_shiying.py::TestSetShiyingForGuali::test_set_shiying_sishi PASSED [ 80%]
backend/tests/test_shiying.py::TestSetShiyingForGuali::test_set_shiying_wushi PASSED [ 80%]
backend/tests/test_shiying.py::TestSetShiyingForGuali::test_set_shiying_youhun PASSED [ 80%]
backend/tests/test_shiying.py::TestSetShiyingForGuali::test_set_shiying_guihun PASSED [ 81%]
backend/tests/test_shiying.py::TestHelperFunctions::test_get_shiying_info PASSED [ 81%]
backend/tests/test_shiying.py::TestHelperFunctions::test_get_shiying_info_invalid PASSED [ 81%]
backend/tests/test_shiying.py::TestGualiShiyingIntegration::test_guali_set_shiying PASSED [ 82%]
backend/tests/test_shiying.py::TestGualiShiyingIntegration::test_guali_calculate_all_includes_shiying PASSED [ 82%]
backend/tests/test_time_converter.py::TestLunarPythonIntegration::test_lunar_available PASSED [ 82%]
backend/tests/test_time_converter.py::TestLunarPythonIntegration::test_lunar_basic_usage PASSED [ 82%]
backend/tests/test_time_converter.py::TestSolarToGanzhiYear::test_year_2024 PASSED [ 83%]
backend/tests/test_time_converter.py::TestSolarToGanzhiYear::test_year_2025 PASSED [ 83%]
backend/tests/test_time_converter.py::TestSolarToGanzhiYear::test_year_2020 PASSED [ 83%]
backend/tests/test_time_converter.py::TestSolarToGanzhiYear::test_year_1984 PASSED [ 84%]
backend/tests/test_time_converter.py::TestSolarToGanzhiMonth::test_month_2024_2 PASSED [ 84%]
backend/tests/test_time_converter.py::TestSolarToGanzhiMonth::test_month_2024_1 PASSED [ 84%]
backend/tests/test_time_converter.py::TestSolarToGanzhiMonth::test_month_2024_12 PASSED [ 84%]
backend/tests/test_time_converter.py::TestSolarToGanzhiDay::test_day_2024_2_12 PASSED [ 85%]
backend/tests/test_time_converter.py::TestSolarToGanzhiDay::test_day_2024_2_13 PASSED [ 85%]
backend/tests/test_time_converter.py::TestSolarToGanzhiDay::test_day_format PASSED [ 85%]
backend/tests/test_time_converter.py::TestGetXunkong::test_xunkong_2024_2_12 PASSED [ 86%]
backend/tests/test_time_converter.py::TestGetXunkong::test_xunkong_not_empty PASSED [ 86%]
backend/tests/test_time_converter.py::TestGetXunkong::test_xunkong_format PASSED [ 86%]
backend/tests/test_time_converter.py::TestSolarToGanzhiFull::test_full_2024_2_12 PASSED [ 86%]
backend/tests/test_time_converter.py::TestSolarToGanzhiFull::test_full_result_format PASSED [ 87%]
backend/tests/test_time_converter.py::TestSolarToGanzhiFull::test_full_consistency PASSED [ 87%]
backend/tests/test_time_converter.py::TestExtractTianganDizhi::test_extract_tiangan_dizhi PASSED [ 87%]
backend/tests/test_time_converter.py::TestExtractTianganDizhi::test_extract_tiangan_dizhi_yisi PASSED [ 88%]
backend/tests/test_time_converter.py::TestExtractTianganDizhi::test_extract_tiangan_enum PASSED [ 88%]
backend/tests/test_time_converter.py::TestExtractTianganDizhi::test_extract_dizhi_enum PASSED [ 88%]
backend/tests/test_time_converter.py::TestExtractTianganDizhi::test_extract_invalid_ganzhi PASSED [ 88%]
backend/tests/test_time_converter.py::TestConvenienceFunctions::test_get_day_tiangan PASSED [ 89%]
backend/tests/test_time_converter.py::TestConvenienceFunctions::test_get_day_dizhi PASSED [ 89%]
backend/tests/test_time_converter.py::TestConvenienceFunctions::test_convert_date_to_ganzhi PASSED [ 89%]
backend/tests/test_time_converter.py::TestValidateGanzhi::test_validate_valid_ganzhi PASSED [ 90%]
backend/tests/test_time_converter.py::TestValidateGanzhi::test_validate_invalid_ganzhi PASSED [ 90%]
backend/tests/test_time_converter.py::TestBoundaryConditions::test_year_boundary PASSED [ 90%]
backend/tests/test_time_converter.py::TestBoundaryConditions::test_month_boundary PASSED [ 90%]
backend/tests/test_time_converter.py::TestBoundaryConditions::test_day_boundary PASSED [ 91%]
backend/tests/test_wuxing_helper.py::TestWuxingSheng::test_jin_sheng_shui PASSED [ 91%]
backend/tests/test_wuxing_helper.py::TestWuxingSheng::test_shui_sheng_mu PASSED [ 91%]
backend/tests/test_wuxing_helper.py::TestWuxingSheng::test_mu_sheng_huo PASSED [ 92%]
backend/tests/test_wuxing_helper.py::TestWuxingSheng::test_huo_sheng_tu PASSED [ 92%]
backend/tests/test_wuxing_helper.py::TestWuxingSheng::test_tu_sheng_jin PASSED [ 92%]
backend/tests/test_wuxing_helper.py::TestWuxingSheng::test_shui_not_sheng_jin PASSED [ 92%]
backend/tests/test_wuxing_helper.py::TestWuxingSheng::test_jin_not_sheng_mu PASSED [ 93%]
backend/tests/test_wuxing_helper.py::TestWuxingSheng::test_same_not_sheng PASSED [ 93%]
backend/tests/test_wuxing_helper.py::TestWuxingKe::test_jin_ke_mu PASSED [ 93%]
backend/tests/test_wuxing_helper.py::TestWuxingKe::test_mu_ke_tu PASSED  [ 94%]
backend/tests/test_wuxing_helper.py::TestWuxingKe::test_tu_ke_shui PASSED [ 94%]
backend/tests/test_wuxing_helper.py::TestWuxingKe::test_shui_ke_huo PASSED [ 94%]
backend/tests/test_wuxing_helper.py::TestWuxingKe::test_huo_ke_jin PASSED [ 94%]
backend/tests/test_wuxing_helper.py::TestWuxingKe::test_mu_not_ke_jin PASSED [ 95%]
backend/tests/test_wuxing_helper.py::TestWuxingKe::test_jin_not_ke_shui PASSED [ 95%]
backend/tests/test_wuxing_helper.py::TestWuxingKe::test_same_not_ke PASSED [ 95%]
backend/tests/test_wuxing_helper.py::TestWuxingShengBy::test_shui_sheng_by_jin PASSED [ 96%]
backend/tests/test_wuxing_helper.py::TestWuxingShengBy::test_mu_sheng_by_shui PASSED [ 96%]
backend/tests/test_wuxing_helper.py::TestWuxingKeBy::test_mu_ke_by_jin PASSED [ 96%]
backend/tests/test_wuxing_helper.py::TestWuxingKeBy::test_huo_ke_by_shui PASSED [ 96%]
backend/tests/test_wuxing_helper.py::TestCalculateLiuqin::test_liuqin_xiong_di PASSED [ 97%]
backend/tests/test_wuxing_helper.py::TestCalculateLiuqin::test_liuqin_zi_sun PASSED [ 97%]
backend/tests/test_wuxing_helper.py::TestCalculateLiuqin::test_liuqin_qi_cai PASSED [ 97%]
backend/tests/test_wuxing_helper.py::TestCalculateLiuqin::test_liuqin_fu_mu PASSED [ 98%]
backend/tests/test_wuxing_helper.py::TestCalculateLiuqin::test_liuqin_guan_gui PASSED [ 98%]
backend/tests/test_wuxing_helper.py::TestCalculateLiuqin::test_liuqin_qian_gong PASSED [ 98%]
backend/tests/test_wuxing_helper.py::TestGualiLiuqin::test_qian_wei_tian_liuqin PASSED [ 98%]
backend/tests/test_wuxing_helper.py::TestGualiLiuqin::test_kun_wei_di_liuqin PASSED [ 99%]
backend/tests/test_wuxing_helper.py::TestHelperFunctions::test_get_liuqin_by_relation PASSED [ 99%]
backend/tests/test_wuxing_helper.py::TestHelperFunctions::test_analyze_wuxing_relation PASSED [ 99%]
backend/tests/test_wuxing_helper.py::TestBoundaryConditions::test_all_wuxing_combinations PASSED [100%]

============================== warnings summary ===============================
..\..\..\Tools\Python\Lib\site-packages\_pytest\config\__init__.py:1428
  D:\Tools\Python\Lib\site-packages\_pytest\config\__init__.py:1428: PytestConfigWarning: Unknown config option: asyncio_mode
  
    self._warn_or_fail_if_strict(f"Unknown config option: {key}\n")

-- Docs: https://docs.pytest.org/en/stable/how-to/capture-warnings.html
======================= 350 passed, 1 warning in 0.25s ========================
